++ arch
+ [[ x86_64 == \a\a\r\c\h\6\4 ]]
+ '[' -z '' ']'
+ [[ ! -f /etc/os-release ]]
++ bash -c 'source /etc/os-release && echo $ID'
+ ID=ubuntu
+ [[ ubuntu != \u\b\u\n\t\u ]]
+ dpkg --get-selections
+ grep -q '^google-chrome[[:space:]]*install$'
+ apt-get update
E: setgroups 65534 failed - setgroups (1: Operation not permitted)
E: setegid 65534 failed - setegid (22: Invalid argument)
E: seteuid 42 failed - seteuid (22: Invalid argument)
E: setgroups 0 failed - setgroups (1: Operation not permitted)
rm: cannot remove '/var/cache/apt/archives/partial/*.deb': Permission denied
Reading package lists...
W: chown to _apt:root of directory /var/lib/apt/lists/partial failed - SetupAPTPartialDirectory (22: Invalid argument)
W: chown to _apt:root of directory /var/lib/apt/lists/auxfiles failed - SetupAPTPartialDirectory (22: Invalid argument)
E: setgroups 65534 failed - setgroups (1: Operation not permitted)
E: setegid 65534 failed - setegid (22: Invalid argument)
E: seteuid 42 failed - seteuid (22: Invalid argument)
E: setgroups 0 failed - setgroups (1: Operation not permitted)
E: Method gave invalid 400 URI Failure message: Failed to setgroups - setgroups (1: Operation not permitted)
E: Method gave invalid 400 URI Failure message: Failed to setgroups - setgroups (1: Operation not permitted)
E: Method http has died unexpectedly!
E: Sub-process http returned an error code (112)
E: Method http has died unexpectedly!
E: Sub-process http returned an error code (112)
Failed to install browsers
Error: Failed to install chrome
